2026-09-03T05:11:51.662Z - POST /api/cardlogs/
2026-09-03T06:09:54.948Z - POST /api/auth/login
2026-09-03T06:10:11.989Z - POST /api/auth/login
2026-09-03T06:10:30.966Z - POST /api/auth/login
2026-09-03T06:10:39.957Z - POST /api/auth/login
2026-09-03T06:12:18.032Z - POST /api/auth/login
2026-09-03T06:14:13.239Z - POST /api/auth/login
2026-09-03T06:33:15.324Z - POST /api/auth/login
2026-09-03T06:36:35.401Z - POST /api/auth/login
2026-09-03T06:36:35.539Z - GET /api/cardlogs
2026-09-03T06:36:35.758Z - GET /api/cardlogs
2026-09-03T06:36:41.956Z - GET /api/users
2026-09-03T06:36:41.967Z - GET /api/users
2026-09-03T06:37:23.414Z - GET /api/users
2026-09-03T06:37:23.479Z - GET /api/users
2026-09-03T06:37:34.599Z - POST /api/auth/login
2026-09-03T06:37:34.728Z - GET /api/cardlogs
2026-09-03T06:37:34.828Z - GET /api/cardlogs
2026-09-03T06:43:50.444Z - GET /api/cardlogs
2026-09-03T06:43:50.772Z - GET /api/cardlogs
2026-09-03T06:44:24.957Z - GET /api/cardlogs/17/activities
2026-09-03T06:44:25.147Z - GET /api/cardlogs/17/activities
2026-09-03T06:48:36.663Z - GET /api/cardlogs
2026-09-03T06:48:42.084Z - GET /api/cardlogs/17/activities
2026-09-03T06:48:42.093Z - GET /api/cardlogs/17/activities
2026-09-03T06:48:44.060Z - GET /api/cardlogs
2026-09-03T06:49:16.505Z - POST /api/auth/login
2026-09-03T06:49:16.655Z - GET /api/cardlogs
2026-09-03T06:49:16.739Z - GET /api/cardlogs
2026-09-03T06:49:18.234Z - GET /api/users
2026-09-03T06:49:18.242Z - GET /api/users
2026-09-03T06:49:25.724Z - DELETE /api/users/3
2026-09-03T06:49:25.754Z - GET /api/users
2026-09-03T06:49:41.212Z - POST /api/auth/register
2026-09-03T06:54:55.123Z - POST /api/auth/login
2026-09-03T06:54:55.287Z - GET /api/cardlogs
2026-09-03T06:54:55.399Z - GET /api/cardlogs
2026-09-03T06:54:56.935Z - GET /api/users
2026-09-03T06:54:56.942Z - GET /api/users
2026-09-03T06:55:01.321Z - DELETE /api/users/11
2026-09-03T06:55:01.338Z - GET /api/users
2026-09-03T06:55:38.331Z - GET /api/cardlogs
2026-09-03T06:55:38.517Z - GET /api/cardlogs
2026-09-03T06:55:50.097Z - POST /api/auth/register
2026-09-03T07:00:31.700Z - POST /api/auth/login
2026-09-03T07:00:32.013Z - GET /api/cardlogs
2026-09-03T07:00:32.183Z - GET /api/cardlogs
2026-09-03T07:00:33.471Z - GET /api/users
2026-09-03T07:00:33.483Z - GET /api/users
2026-09-03T07:00:36.699Z - DELETE /api/users/12
2026-09-03T07:00:36.787Z - GET /api/users
2026-09-03T07:00:58.891Z - POST /api/auth/register
2026-09-03T07:04:36.858Z - POST /api/auth/login
2026-09-03T07:04:37.157Z - GET /api/cardlogs
2026-09-03T07:04:37.301Z - GET /api/cardlogs
2026-09-03T07:04:41.697Z - GET /api/users
2026-09-03T07:04:41.709Z - GET /api/users
2026-09-03T07:04:45.658Z - DELETE /api/users/13
2026-09-03T07:04:45.737Z - GET /api/users
2026-09-03T07:04:55.802Z - POST /api/auth/register
2026-09-03T07:08:29.686Z - POST /api/auth/login
2026-09-03T07:08:30.032Z - GET /api/cardlogs
2026-09-03T07:08:30.194Z - GET /api/cardlogs
2026-09-03T07:08:31.524Z - GET /api/users
2026-09-03T07:08:31.535Z - GET /api/users
2026-09-03T07:08:34.409Z - DELETE /api/users/14
2026-09-03T07:08:34.486Z - GET /api/users
2026-09-03T07:08:36.849Z - GET /api/cardlogs
2026-09-03T07:08:37.003Z - GET /api/cardlogs
2026-09-03T07:08:48.922Z - POST /api/auth/register
2026-09-03T07:09:01.764Z - POST /api/auth/verify-email
2026-09-03T07:09:01.771Z - POST /api/auth/verify-email
2026-09-03T07:09:23.245Z - POST /api/auth/login
2026-09-03T07:09:23.691Z - GET /api/cardlogs
2026-09-03T07:09:23.851Z - GET /api/cardlogs
2026-09-03T07:09:35.628Z - POST /api/auth/login
2026-09-03T07:09:35.899Z - GET /api/cardlogs
2026-09-03T07:09:36.069Z - GET /api/cardlogs
2026-09-03T07:09:51.112Z - GET /api/users
2026-09-03T07:09:51.240Z - GET /api/users
2026-09-03T07:09:54.727Z - DELETE /api/users/15
2026-09-03T07:09:54.815Z - GET /api/users
2026-09-03T07:10:08.791Z - POST /api/auth/register
2026-09-03T07:10:31.898Z - POST /api/auth/verify-email
2026-09-03T07:10:31.903Z - POST /api/auth/verify-email
2026-09-03T07:10:44.413Z - POST /api/auth/login
2026-09-03T07:10:44.800Z - GET /api/cardlogs
2026-09-03T07:10:44.954Z - GET /api/cardlogs
